../Core/Src/OledDriver.c:162:1:OledInit	8	static
../Core/Src/OledDriver.c:201:1:OledTerm	8	static
../Core/Src/OledDriver.c:234:1:OledHostInit	8	static
../Core/Src/OledDriver.c:274:1:OledHostTerm	8	static
../Core/Src/OledDriver.c:314:1:OledDvrInit	16	static
../Core/Src/OledDriver.c:366:1:OledDevInit	8	static
../Core/Src/OledDriver.c:435:1:OledDevTerm	8	static
../Core/Src/OledDriver.c:471:1:OledDisplayOn	8	static
../Core/Src/OledDriver.c:496:1:OledDisplayOff	8	static
../Core/Src/OledDriver.c:521:1:OledClear	8	static
../Core/Src/OledDriver.c:546:1:OledClearBuffer	16	static
../Core/Src/OledDriver.c:578:1:OledUpdate	16	static
../Core/Src/OledDriver.c:629:1:OledPutBuffer	24	static
../Core/Src/OledDriver.c:662:1:Spi2PutByte	16	static
../Core/Src/OledDriver.c:673:6:digitalWrite	16	static
