Archive member included to satisfy reference by file (symbol)

e:/st/stm32cubeide_1.10.1/stm32cubeide/plugins/com.st.stm32cube.ide.mcu.externaltools.gnu-tools-for-stm32.10.3-2021.10.win32_1.0.0.202111181127/tools/bin/../lib/gcc/arm-none-eabi/10.3.1/../../../../arm-none-eabi/lib/thumb/v6-m/nofp\libc_nano.a(lib_a-errno.o)
                              ./Core/Src/syscalls.o (__errno)
e:/st/stm32cubeide_1.10.1/stm32cubeide/plugins/com.st.stm32cube.ide.mcu.externaltools.gnu-tools-for-stm32.10.3-2021.10.win32_1.0.0.202111181127/tools/bin/../lib/gcc/arm-none-eabi/10.3.1/../../../../arm-none-eabi/lib/thumb/v6-m/nofp\libc_nano.a(lib_a-exit.o)
                              e:/st/stm32cubeide_1.10.1/stm32cubeide/plugins/com.st.stm32cube.ide.mcu.externaltools.gnu-tools-for-stm32.10.3-2021.10.win32_1.0.0.202111181127/tools/bin/../lib/gcc/arm-none-eabi/10.3.1/../../../../arm-none-eabi/lib/thumb/v6-m/nofp/crt0.o (exit)
e:/st/stm32cubeide_1.10.1/stm32cubeide/plugins/com.st.stm32cube.ide.mcu.externaltools.gnu-tools-for-stm32.10.3-2021.10.win32_1.0.0.202111181127/tools/bin/../lib/gcc/arm-none-eabi/10.3.1/../../../../arm-none-eabi/lib/thumb/v6-m/nofp\libc_nano.a(lib_a-impure.o)
                              e:/st/stm32cubeide_1.10.1/stm32cubeide/plugins/com.st.stm32cube.ide.mcu.externaltools.gnu-tools-for-stm32.10.3-2021.10.win32_1.0.0.202111181127/tools/bin/../lib/gcc/arm-none-eabi/10.3.1/../../../../arm-none-eabi/lib/thumb/v6-m/nofp\libc_nano.a(lib_a-exit.o) (_global_impure_ptr)
e:/st/stm32cubeide_1.10.1/stm32cubeide/plugins/com.st.stm32cube.ide.mcu.externaltools.gnu-tools-for-stm32.10.3-2021.10.win32_1.0.0.202111181127/tools/bin/../lib/gcc/arm-none-eabi/10.3.1/../../../../arm-none-eabi/lib/thumb/v6-m/nofp\libc_nano.a(lib_a-init.o)
                              e:/st/stm32cubeide_1.10.1/stm32cubeide/plugins/com.st.stm32cube.ide.mcu.externaltools.gnu-tools-for-stm32.10.3-2021.10.win32_1.0.0.202111181127/tools/bin/../lib/gcc/arm-none-eabi/10.3.1/../../../../arm-none-eabi/lib/thumb/v6-m/nofp/crt0.o (__libc_init_array)
e:/st/stm32cubeide_1.10.1/stm32cubeide/plugins/com.st.stm32cube.ide.mcu.externaltools.gnu-tools-for-stm32.10.3-2021.10.win32_1.0.0.202111181127/tools/bin/../lib/gcc/arm-none-eabi/10.3.1/../../../../arm-none-eabi/lib/thumb/v6-m/nofp\libc_nano.a(lib_a-itoa.o)
                              ./Core/Src/DFPLAYER_MINI.o (itoa)
e:/st/stm32cubeide_1.10.1/stm32cubeide/plugins/com.st.stm32cube.ide.mcu.externaltools.gnu-tools-for-stm32.10.3-2021.10.win32_1.0.0.202111181127/tools/bin/../lib/gcc/arm-none-eabi/10.3.1/../../../../arm-none-eabi/lib/thumb/v6-m/nofp\libc_nano.a(lib_a-memset.o)
                              e:/st/stm32cubeide_1.10.1/stm32cubeide/plugins/com.st.stm32cube.ide.mcu.externaltools.gnu-tools-for-stm32.10.3-2021.10.win32_1.0.0.202111181127/tools/bin/../lib/gcc/arm-none-eabi/10.3.1/../../../../arm-none-eabi/lib/thumb/v6-m/nofp/crt0.o (memset)
e:/st/stm32cubeide_1.10.1/stm32cubeide/plugins/com.st.stm32cube.ide.mcu.externaltools.gnu-tools-for-stm32.10.3-2021.10.win32_1.0.0.202111181127/tools/bin/../lib/gcc/arm-none-eabi/10.3.1/../../../../arm-none-eabi/lib/thumb/v6-m/nofp\libc_nano.a(lib_a-utoa.o)
                              e:/st/stm32cubeide_1.10.1/stm32cubeide/plugins/com.st.stm32cube.ide.mcu.externaltools.gnu-tools-for-stm32.10.3-2021.10.win32_1.0.0.202111181127/tools/bin/../lib/gcc/arm-none-eabi/10.3.1/../../../../arm-none-eabi/lib/thumb/v6-m/nofp\libc_nano.a(lib_a-itoa.o) (__utoa)
e:/st/stm32cubeide_1.10.1/stm32cubeide/plugins/com.st.stm32cube.ide.mcu.externaltools.gnu-tools-for-stm32.10.3-2021.10.win32_1.0.0.202111181127/tools/bin/../lib/gcc/arm-none-eabi/10.3.1/../../../../arm-none-eabi/lib/thumb/v6-m/nofp\libc_nano.a(lib_a-memcpy-stub.o)
                              e:/st/stm32cubeide_1.10.1/stm32cubeide/plugins/com.st.stm32cube.ide.mcu.externaltools.gnu-tools-for-stm32.10.3-2021.10.win32_1.0.0.202111181127/tools/bin/../lib/gcc/arm-none-eabi/10.3.1/../../../../arm-none-eabi/lib/thumb/v6-m/nofp\libc_nano.a(lib_a-utoa.o) (memcpy)
e:/st/stm32cubeide_1.10.1/stm32cubeide/plugins/com.st.stm32cube.ide.mcu.externaltools.gnu-tools-for-stm32.10.3-2021.10.win32_1.0.0.202111181127/tools/bin/../lib/gcc/arm-none-eabi/10.3.1/thumb/v6-m/nofp\libgcc.a(_udivsi3.o)
                              ./Core/Src/system_stm32f0xx.o (__aeabi_uidiv)
e:/st/stm32cubeide_1.10.1/stm32cubeide/plugins/com.st.stm32cube.ide.mcu.externaltools.gnu-tools-for-stm32.10.3-2021.10.win32_1.0.0.202111181127/tools/bin/../lib/gcc/arm-none-eabi/10.3.1/thumb/v6-m/nofp\libgcc.a(_divsi3.o)
                              ./Core/Src/OledDriver.o (__aeabi_idiv)
e:/st/stm32cubeide_1.10.1/stm32cubeide/plugins/com.st.stm32cube.ide.mcu.externaltools.gnu-tools-for-stm32.10.3-2021.10.win32_1.0.0.202111181127/tools/bin/../lib/gcc/arm-none-eabi/10.3.1/thumb/v6-m/nofp\libgcc.a(_dvmd_tls.o)
[...]
Memory Configuration

Name             Origin             Length             Attributes
RAM              0x0000000020000000 0x0000000000001800 xrw
FLASH            0x0000000008000000 0x0000000000008000 xr
*default*        0x0000000000000000 0xffffffffffffffff

Linker script and memory map

LOAD e:/st/stm32cubeide_1.10.1/stm32cubeide/plugins/com.st.stm32cube.ide.mcu.externaltools.gnu-tools-for-stm32.10.3-2021.10.win32_1.0.0.202111181127/tools/bin/../lib/gcc/arm-none-eabi/10.3.1/thumb/v6-m/nofp/crti.o
LOAD e:/st/stm32cubeide_1.10.1/stm32cubeide/plugins/com.st.stm32cube.ide.mcu.externaltools.gnu-tools-for-stm32.10.3-2021.10.win32_1.0.0.202111181127/tools/bin/../lib/gcc/arm-none-eabi/10.3.1/thumb/v6-m/nofp/crtbegin.o
LOAD e:/st/stm32cubeide_1.10.1/stm32cubeide/plugins/com.st.stm32cube.ide.mcu.externaltools.gnu-tools-for-stm32.10.3-2021.10.win32_1.0.0.202111181127/tools/bin/../lib/gcc/arm-none-eabi/10.3.1/../../../../arm-none-eabi/lib/thumb/v6-m/nofp/crt0.o
LOAD ./Core/Src/ChrFont0.o
LOAD ./Core/Src/DFPLAYER_MINI.o
LOAD ./Core/Src/FillPat.o
LOAD ./Core/Src/Fonts.o
LOAD ./Core/Src/OledChar.o
LOAD ./Core/Src/OledDriver.o
LOAD ./Core/Src/OledGrph.o
LOAD ./Core/Src/main.o
LOAD ./Core/Src/stm32f0xx_hal_msp.o
LOAD ./Core/Src/stm32f0xx_it.o
LOAD ./Core/Src/syscalls.o
LOAD ./Core/Src/sysmem.o
LOAD ./Core/Src/system_stm32f0xx.o
LOAD ./Core/Startup/startup_stm32f070f6px.o
LOAD ./Drivers/STM32F0xx_HAL_Driver/Src/stm32f0xx_hal.o
LOAD ./Drivers/STM32F0xx_HAL_Driver/Src/stm32f0xx_hal_cortex.o
LOAD ./Drivers/STM32F0xx_HAL_Driver/Src/stm32f0xx_hal_dma.o
LOAD ./Drivers/STM32F0xx_HAL_Driver/Src/stm32f0xx_hal_exti.o
LOAD ./Drivers/STM32F0xx_HAL_Driver/Src/stm32f0xx_hal_flash.o
LOAD ./Drivers/STM32F0xx_HAL_Driver/Src/stm32f0xx_hal_flash_ex.o
LOAD ./Drivers/STM32F0xx_HAL_Driver/Src/stm32f0xx_hal_gpio.o
LOAD ./Drivers/STM32F0xx_HAL_Driver/Src/stm32f0xx_hal_i2c.o
LOAD ./Drivers/STM32F0xx_HAL_Driver/Src/stm32f0xx_hal_i2c_ex.o
LOAD ./Drivers/STM32F0xx_HAL_Driver/Src/stm32f0xx_hal_pwr.o
LOAD ./Drivers/STM32F0xx_HAL_Driver/Src/stm32f0xx_hal_pwr_ex.o
LOAD ./Drivers/STM32F0xx_HAL_Driver/Src/stm32f0xx_hal_rcc.o
LOAD ./Drivers/STM32F0xx_HAL_Driver/Src/stm32f0xx_hal_rcc_ex.o
LOAD ./Drivers/STM32F0xx_HAL_Driver/Src/stm32f0xx_hal_spi.o
LOAD ./Drivers/STM32F0xx_HAL_Driver/Src/stm32f0xx_hal_spi_ex.o
LOAD ./Drivers/STM32F0xx_HAL_Driver/Src/stm32f0xx_hal_tim.o
LOAD ./Drivers/STM32F0xx_HAL_Driver/Src/stm32f0xx_hal_tim_ex.o
LOAD ./Drivers/STM32F0xx_HAL_Driver/Src/stm32f0xx_hal_uart.o
LOAD ./Drivers/STM32F0xx_HAL_Driver/Src/stm32f0xx_hal_uart_ex.o
START GROUP
LOAD e:/st/stm32cubeide_1.10.1/stm32cubeide/plugins/com.st.stm32cube.ide.mcu.externaltools.gnu-tools-for-stm32.10.3-2021.10.win32_1.0.0.202111181127/tools/bin/../lib/gcc/arm-none-eabi/10.3.1/../../../../arm-none-eabi/lib/thumb/v6-m/nofp\libc_nano.a
LOAD e:/st/stm32cubeide_1.10.1/stm32cubeide/plugins/com.st.stm32cube.ide.mcu.externaltools.gnu-tools-for-stm32.10.3-2021.10.win32_1.0.0.202111181127/tools/bin/../lib/gcc/arm-none-eabi/10.3.1/../../../../arm-none-eabi/lib/thumb/v6-m/nofp\libm.a
END GROUP
START GROUP
LOAD e:/st/stm32cubeide_1.10.1/stm32cubeide/plugins/com.st.stm32cube.ide.mcu.externaltools.gnu-tools-for-stm32.10.3-2021.10.win32_1.0.0.202111181127/tools/bin/../lib/gcc/arm-none-eabi/10.3.1/thumb/v6-m/nofp\libgcc.a
LOAD e:/st/stm32cubeide_1.10.1/stm32cubeide/plugins/com.st.stm32cube.ide.mcu.externaltools.gnu-tools-for-stm32.10.3-2021.10.win32_1.0.0.202111181127/tools/bin/../lib/gcc/arm-none-eabi/10.3.1/../../../../arm-none-eabi/lib/thumb/v6-m/nofp\libc_nano.a
END GROUP
START GROUP
LOAD e:/st/stm32cubeide_1.10.1/stm32cubeide/plugins/com.st.stm32cube.ide.mcu.externaltools.gnu-tools-for-stm32.10.3-2021.10.win32_1.0.0.202111181127/tools/bin/../lib/gcc/arm-none-eabi/10.3.1/thumb/v6-m/nofp\libgcc.a
LOAD e:/st/stm32cubeide_1.10.1/stm32cubeide/plugins/com.st.stm32cube.ide.mcu.externaltools.gnu-tools-for-stm32.10.3-2021.10.win32_1.0.0.202111181127/tools/bin/../lib/gcc/arm-none-eabi/10.3.1/../../../../arm-none-eabi/lib/thumb/v6-m/nofp\libc_nano.a
LOAD e:/st/stm32cubeide_1.10.1/stm32cubeide/plugins/com.st.stm32cube.ide.mcu.externaltools.gnu-tools-for-stm32.10.3-2021.10.win32_1.0.0.202111181127/tools/bin/../lib/gcc/arm-none-eabi/10.3.1/../../../../arm-none-eabi/lib/thumb/v6-m/nofp\libnosys.a
END GROUP
START GROUP
LOAD e:/st/stm32cubeide_1.10.1/stm32cubeide/plugins/com.st.stm32cube.ide.mcu.externaltools.gnu-tools-for-stm32.10.3-2021.10.win32_1.0.0.202111181127/tools/bin/../lib/gcc/arm-none-eabi/10.3.1/thumb/v6-m/nofp\libgcc.a
LOAD e:/st/stm32cubeide_1.10.1/stm32cubeide/plugins/com.st.stm32cube.ide.mcu.externaltools.gnu-tools-for-stm32.10.3-2021.10.win32_1.0.0.202111181127/tools/bin/../lib/gcc/arm-none-eabi/10.3.1/../../../../arm-none-eabi/lib/thumb/v6-m/nofp\libc_nano.a
LOAD e:/st/stm32cubeide_1.10.1/stm32cubeide/plugins/com.st.stm32cube.ide.mcu.externaltools.gnu-tools-for-stm32.10.3-2021.10.win32_1.0.0.202111181127/tools/bin/../lib/gcc/arm-none-eabi/10.3.1/../../../../arm-none-eabi/lib/thumb/v6-m/nofp\libnosys.a
END GROUP
LOAD e:/st/stm32cubeide_1.10.1/stm32cubeide/plugins/com.st.stm32cube.ide.mcu.externaltools.gnu-tools-for-stm32.10.3-2021.10.win32_1.0.0.202111181127/tools/bin/../lib/gcc/arm-none-eabi/10.3.1/thumb/v6-m/nofp/crtend.o
LOAD e:/st/stm32cubeide_1.10.1/stm32cubeide/plugins/com.st.stm32cube.ide.mcu.externaltools.gnu-tools-for-stm32.10.3-2021.10.win32_1.0.0.202111181127/tools/bin/../lib/gcc/arm-none-eabi/10.3.1/thumb/v6-m/nofp/crtn.o
                0x0000000020001800                _estack = (ORIGIN (RAM) + LENGTH (RAM))
                0x0000000000000200                _Min_Heap_Size = 0x200
                0x0000000000000400                _Min_Stack_Size = 0x400

.isr_vector     0x0000000008000000       0xc0
                0x0000000008000000                . = ALIGN (0x4)
 *(.isr_vector)
 .isr_vector    0x0000000008000000       0xc0 ./Core/Startup/startup_stm32f070f6px.o
                0x0000000008000000                g_pfnVectors
                0x00000000080000c0                . = ALIGN (0x4)

.text           0x00000000080000c0     0x2af4
                0x00000000080000c0                . = ALIGN (0x4)
 *(.text)
 .text          0x00000000080000c0       0x48 e:/st/stm32cubeide_1.10.1/stm32cubeide/plugins/com.st.stm32cube.ide.mcu.externaltools.gnu-tools-for-stm32.10.3-2021.10.win32_1.0.0.202111181127/tools/bin/../lib/gcc/arm-none-eabi/10.3.1/thumb/v6-m/nofp/crtbegin.o
 .text          0x0000000008000108      0x114 e:/st/stm32cubeide_1.10.1/stm32cubeide/plugins/com.st.stm32cube.ide.mcu.externaltools.gnu-tools-for-stm32.10.3-2021.10.win32_1.0.0.202111181127/tools/bin/../lib/gcc/arm-none-eabi/10.3.1/thumb/v6-m/nofp\libgcc.a(_udivsi3.o)
                0x0000000008000108                __aeabi_uidiv
                0x0000000008000108                __udivsi3
                0x0000000008000214                __aeabi_uidivmod
 .text          0x000000000800021c      0x1d4 e:/st/stm32cubeide_1.10.1/stm32cubeide/plugins/com.st.stm32cube.ide.mcu.externaltools.gnu-tools-for-stm32.10.3-2021.10.win32_1.0.0.202111181127/tools/bin/../lib/gcc/arm-none-eabi/10.3.1/thumb/v6-m/nofp\libgcc.a(_divsi3.o)
                0x000000000800021c                __divsi3
                0x000000000800021c                __aeabi_idiv
                0x00000000080003e8                __aeabi_idivmod
 .text          0x00000000080003f0        0x4 e:/st/stm32cubeide_1.10.1/stm32cubeide/plugins/com.st.stm32cube.ide.mcu.externaltools.gnu-tools-for-stm32.10.3-2021.10.win32_1.0.0.202111181127/tools/bin/../lib/gcc/arm-none-eabi/10.3.1/thumb/v6-m/nofp\libgcc.a(_dvmd_tls.o)
                0x00000000080003f0                __aeabi_idiv0
                0x00000000080003f0                __aeabi_ldiv0
 *(.text*)
 .text.Send_cmd
                0x00000000080003f4       0xb8 ./Core/Src/DFPLAYER_MINI.o
                0x00000000080003f4                Send_cmd
 .text.DF_PlayFromStart
                0x00000000080004ac       0x54 ./Core/Src/DFPLAYER_MINI.o
                0x00000000080004ac                DF_PlayFromStart
 .text.DF_Init  0x0000000008000500       0x3c ./Core/Src/DFPLAYER_MINI.o
                0x0000000008000500                DF_Init
 .text.DF_Next  0x000000000800053c       0x1a ./Core/Src/DFPLAYER_MINI.o
                0x000000000800053c                DF_Next
 *fill*         0x0000000008000556        0x2 
 .text.DF_Pause
                0x0000000008000558       0x44 ./Core/Src/DFPLAYER_MINI.o
                0x0000000008000558                DF_Pause
 .text.DF_Playback
                0x000000000800059c       0x44 ./Core/Src/DFPLAYER_MINI.o
                0x000000000800059c                DF_Playback
 .text.DF_IncreaseVolume
                0x00000000080005e0       0x84 ./Core/Src/DFPLAYER_MINI.o
                0x00000000080005e0                DF_IncreaseVolume
 .text.DF_DecreaseVolume
                0x0000000008000664       0x84 ./Core/Src/DFPLAYER_MINI.o
                0x0000000008000664                DF_DecreaseVolume
 .text.Check_Key
                0x00000000080006e8       0xd8 ./Core/Src/DFPLAYER_MINI.o
                0x00000000080006e8                Check_Key
 .text.OledSetCursor
                0x00000000080007c0       0x74 ./Core/Src/OledChar.o
                0x00000000080007c0                OledSetCursor
 .text.OledPutChar
                0x0000000008000834       0x34 ./Core/Src/OledChar.o
                0x0000000008000834                OledPutChar
 .text.OledPutString
                0x0000000008000868       0x40 ./Core/Src/OledChar.o
                0x0000000008000868                OledPutString
 .text.OledDrawGlyph
                0x00000000080008a8       0x90 ./Core/Src/OledChar.o
                0x00000000080008a8                OledDrawGlyph
 .text.OledAdvanceCursor
                0x0000000008000938       0x64 ./Core/Src/OledChar.o
                0x0000000008000938                OledAdvanceCursor
 .text.OledInit
                0x000000000800099c       0x1a ./Core/Src/OledDriver.o
                0x000000000800099c                OledInit
 .text.OledHostInit
                0x00000000080009b6       0x46 ./Core/Src/OledDriver.o
                0x00000000080009b6                OledHostInit
 .text.OledDvrInit
                0x00000000080009fc       0xbc ./Core/Src/OledDriver.o
                0x00000000080009fc                OledDvrInit
 .text.OledDevInit
                0x0000000008000ab8       0x88 ./Core/Src/OledDriver.o
                0x0000000008000ab8                OledDevInit
 .text.OledClear
                0x0000000008000b40       0x12 ./Core/Src/OledDriver.o
                0x0000000008000b40                OledClear
 *fill*         0x0000000008000b52        0x2 
 .text.OledClearBuffer
                0x0000000008000b54       0x38 ./Core/Src/OledDriver.o
                0x0000000008000b54                OledClearBuffer
 .text.OledUpdate
                0x0000000008000b8c       0x70 ./Core/Src/OledDriver.o
                0x0000000008000b8c                OledUpdate
 .text.OledPutBuffer
                0x0000000008000bfc       0x40 ./Core/Src/OledDriver.o
                0x0000000008000bfc                OledPutBuffer
 .text.Spi2PutByte
                0x0000000008000c3c       0x28 ./Core/Src/OledDriver.o
                0x0000000008000c3c                Spi2PutByte
 .text.digitalWrite
                0x0000000008000c64       0x2c ./Core/Src/OledDriver.o
                0x0000000008000c64                digitalWrite
 .text.OledMoveTo
                0x0000000008000c90       0x6c ./Core/Src/OledGrph.o
                0x0000000008000c90                OledMoveTo
 .text.OledSetDrawMode
                0x0000000008000cfc       0x84 ./Core/Src/OledGrph.o
                0x0000000008000cfc                OledSetDrawMode
 .text.OledRopSet
                0x0000000008000d80       0x4e ./Core/Src/OledGrph.o
                0x0000000008000d80                OledRopSet
 .text.OledRopOr
                0x0000000008000dce       0x3a ./Core/Src/OledGrph.o
                0x0000000008000dce                OledRopOr
 .text.OledRopAnd
                0x0000000008000e08       0x3a ./Core/Src/OledGrph.o
                0x0000000008000e08                OledRopAnd
 .text.OledRopXor
                0x0000000008000e42       0x3a ./Core/Src/OledGrph.o
                0x0000000008000e42                OledRopXor
 .text.OledClampXco
                0x0000000008000e7c       0x26 ./Core/Src/OledGrph.o
                0x0000000008000e7c                OledClampXco
 .text.OledClampYco
                0x0000000008000ea2       0x26 ./Core/Src/OledGrph.o
                0x0000000008000ea2                OledClampYco
 .text.Brincadeirinha
                0x0000000008000ec8      0x1a0 ./Core/Src/main.o
                0x0000000008000ec8                Brincadeirinha
 .text.main     0x0000000008001068       0x38 ./Core/Src/main.o
                0x0000000008001068                main
 .text.MX_SPI1_Init
                0x00000000080010a0       0x7c ./Core/Src/main.o
 .text.MX_USART1_UART_Init
                0x000000000800111c       0x60 ./Core/Src/main.o
 .text.MX_GPIO_Init
                0x000000000800117c       0xec ./Core/Src/main.o
 .text.Error_Handler
                0x0000000008001268        0xa ./Core/Src/main.o
                0x0000000008001268                Error_Handler
 *fill*         0x0000000008001272        0x2 
 .text.HAL_MspInit
                0x0000000008001274       0x48 ./Core/Src/stm32f0xx_hal_msp.o
                0x0000000008001274                HAL_MspInit
 .text.HAL_SPI_MspInit
                0x00000000080012bc       0x98 ./Core/Src/stm32f0xx_hal_msp.o
                0x00000000080012bc                HAL_SPI_MspInit
 .text.HAL_UART_MspInit
                0x0000000008001354       0x9c ./Core/Src/stm32f0xx_hal_msp.o
                0x0000000008001354                HAL_UART_MspInit
 .text.NMI_Handler
                0x00000000080013f0        0x6 ./Core/Src/stm32f0xx_it.o
                0x00000000080013f0                NMI_Handler
 .text.HardFault_Handler
                0x00000000080013f6        0x6 ./Core/Src/stm32f0xx_it.o
                0x00000000080013f6                HardFault_Handler
 .text.SVC_Handler
                0x00000000080013fc        0xa ./Core/Src/stm32f0xx_it.o
                0x00000000080013fc                SVC_Handler
 .text.PendSV_Handler
                0x0000000008001406        0xa ./Core/Src/stm32f0xx_it.o
                0x0000000008001406                PendSV_Handler
 .text.SysTick_Handler
                0x0000000008001410        0xe ./Core/Src/stm32f0xx_it.o
                0x0000000008001410                SysTick_Handler
 .text.SystemInit
                0x000000000800141e        0xa ./Core/Src/system_stm32f0xx.o
                0x000000000800141e                SystemInit
 .text.Reset_Handler
                0x0000000008001428       0x80 ./Core/Startup/startup_stm32f070f6px.o
                0x0000000008001428                Reset_Handler
 .text.Default_Handler
                0x00000000080014a8        0x2 ./Core/Startup/startup_stm32f070f6px.o
                0x00000000080014a8                TIM1_CC_IRQHandler
                0x00000000080014a8                I2C1_IRQHandler
                0x00000000080014a8                SPI1_IRQHandler
                0x00000000080014a8                EXTI2_3_IRQHandler
                0x00000000080014a8                ADC1_IRQHandler
                0x00000000080014a8                TIM17_IRQHandler
                0x00000000080014a8                RTC_IRQHandler
                0x00000000080014a8                TIM16_IRQHandler
                0x00000000080014a8                TIM3_IRQHandler
                0x00000000080014a8                EXTI4_15_IRQHandler
                0x00000000080014a8                RCC_IRQHandler
                0x00000000080014a8                DMA1_Channel1_IRQHandler
                0x00000000080014a8                Default_Handler
                0x00000000080014a8                TIM14_IRQHandler
                0x00000000080014a8                DMA1_Channel4_5_IRQHandler
                0x00000000080014a8                EXTI0_1_IRQHandler
                0x00000000080014a8                USB_IRQHandler
                0x00000000080014a8                WWDG_IRQHandler
                0x00000000080014a8                DMA1_Channel2_3_IRQHandler
                0x00000000080014a8                USART2_IRQHandler
                0x00000000080014a8                FLASH_IRQHandler
                0x00000000080014a8                USART1_IRQHandler
                0x00000000080014a8                TIM1_BRK_UP_TRG_COM_IRQHandler
 *fill*         0x00000000080014aa        0x2 
 .text.HAL_Init
                0x00000000080014ac       0x28 ./Drivers/STM32F0xx_HAL_Driver/Src/stm32f0xx_hal.o
                0x00000000080014ac                HAL_Init
 .text.HAL_InitTick
                0x00000000080014d4       0x68 ./Drivers/STM32F0xx_HAL_Driver/Src/stm32f0xx_hal.o
                0x00000000080014d4                HAL_InitTick
 .text.HAL_IncTick
                0x000000000800153c       0x24 ./Drivers/STM32F0xx_HAL_Driver/Src/stm32f0xx_hal.o
                0x000000000800153c                HAL_IncTick
 .text.HAL_GetTick
                0x0000000008001560       0x14 ./Drivers/STM32F0xx_HAL_Driver/Src/stm32f0xx_hal.o
                0x0000000008001560                HAL_GetTick
 .text.HAL_Delay
                0x0000000008001574       0x48 ./Drivers/STM32F0xx_HAL_Driver/Src/stm32f0xx_hal.o
                0x0000000008001574                HAL_Delay
 .text.__NVIC_SetPriority
                0x00000000080015bc       0xdc ./Drivers/STM32F0xx_HAL_Driver/Src/stm32f0xx_hal_cortex.o
 .text.SysTick_Config
                0x0000000008001698       0x48 ./Drivers/STM32F0xx_HAL_Driver/Src/stm32f0xx_hal_cortex.o
 .text.HAL_NVIC_SetPriority
                0x00000000080016e0       0x2a ./Drivers/STM32F0xx_HAL_Driver/Src/stm32f0xx_hal_cortex.o
                0x00000000080016e0                HAL_NVIC_SetPriority
 .text.HAL_SYSTICK_Config
                0x000000000800170a       0x1a ./Drivers/STM32F0xx_HAL_Driver/Src/stm32f0xx_hal_cortex.o
                0x000000000800170a                HAL_SYSTICK_Config
 .text.HAL_GPIO_Init
                0x0000000008001724      0x2e0 ./Drivers/STM32F0xx_HAL_Driver/Src/stm32f0xx_hal_gpio.o
                0x0000000008001724                HAL_GPIO_Init
 .text.HAL_GPIO_ReadPin
                0x0000000008001a04       0x3a ./Drivers/STM32F0xx_HAL_Driver/Src/stm32f0xx_hal_gpio.o
                0x0000000008001a04                HAL_GPIO_ReadPin
 .text.HAL_GPIO_WritePin
                0x0000000008001a3e       0x3a ./Drivers/STM32F0xx_HAL_Driver/Src/stm32f0xx_hal_gpio.o
                0x0000000008001a3e                HAL_GPIO_WritePin
 .text.HAL_RCC_GetSysClockFreq
                0x0000000008001a78       0xcc ./Drivers/STM32F0xx_HAL_Driver/Src/stm32f0xx_hal_rcc.o
                0x0000000008001a78                HAL_RCC_GetSysClockFreq
 .text.HAL_RCC_GetHCLKFreq
                0x0000000008001b44       0x14 ./Drivers/STM32F0xx_HAL_Driver/Src/stm32f0xx_hal_rcc.o
                0x0000000008001b44                HAL_RCC_GetHCLKFreq
 .text.HAL_RCC_GetPCLK1Freq
                0x0000000008001b58       0x2c ./Drivers/STM32F0xx_HAL_Driver/Src/stm32f0xx_hal_rcc.o
                0x0000000008001b58                HAL_RCC_GetPCLK1Freq
 .text.HAL_SPI_Init
                0x0000000008001b84      0x170 ./Drivers/STM32F0xx_HAL_Driver/Src/stm32f0xx_hal_spi.o
                0x0000000008001b84                HAL_SPI_Init
 .text.HAL_SPI_Transmit
                0x0000000008001cf4      0x2b0 ./Drivers/STM32F0xx_HAL_Driver/Src/stm32f0xx_hal_spi.o
                0x0000000008001cf4                HAL_SPI_Transmit
 .text.SPI_WaitFlagStateUntilTimeout
                0x0000000008001fa4      0x11c ./Drivers/STM32F0xx_HAL_Driver/Src/stm32f0xx_hal_spi.o
 .text.SPI_WaitFifoStateUntilTimeout
                0x00000000080020c0      0x144 ./Drivers/STM32F0xx_HAL_Driver/Src/stm32f0xx_hal_spi.o
 .text.SPI_EndRxTxTransaction
                0x0000000008002204       0x8c ./Drivers/STM32F0xx_HAL_Driver/Src/stm32f0xx_hal_spi.o
 .text.HAL_UART_Init
                0x0000000008002290       0xa8 ./Drivers/STM32F0xx_HAL_Driver/Src/stm32f0xx_hal_uart.o
                0x0000000008002290                HAL_UART_Init
 .text.HAL_UART_Transmit
                0x0000000008002338      0x152 ./Drivers/STM32F0xx_HAL_Driver/Src/stm32f0xx_hal_uart.o
                0x0000000008002338                HAL_UART_Transmit
 *fill*         0x000000000800248a        0x2 
 .text.UART_SetConfig
                0x000000000800248c      0x280 ./Drivers/STM32F0xx_HAL_Driver/Src/stm32f0xx_hal_uart.o
                0x000000000800248c                UART_SetConfig
 .text.UART_AdvFeatureConfig
                0x000000000800270c      0x168 ./Drivers/STM32F0xx_HAL_Driver/Src/stm32f0xx_hal_uart.o
                0x000000000800270c                UART_AdvFeatureConfig
 .text.UART_CheckIdleState
                0x0000000008002874       0x90 ./Drivers/STM32F0xx_HAL_Driver/Src/stm32f0xx_hal_uart.o
                0x0000000008002874                UART_CheckIdleState
 .text.UART_WaitOnFlagUntilTimeout
                0x0000000008002904      0x188 ./Drivers/STM32F0xx_HAL_Driver/Src/stm32f0xx_hal_uart.o
                0x0000000008002904                UART_WaitOnFlagUntilTimeout
 .text.__libc_init_array
                0x0000000008002a8c       0x48 e:/st/stm32cubeide_1.10.1/stm32cubeide/plugins/com.st.stm32cube.ide.mcu.externaltools.gnu-tools-for-stm32.10.3-2021.10.win32_1.0.0.202111181127/tools/bin/../lib/gcc/arm-none-eabi/10.3.1/../../../../arm-none-eabi/lib/thumb/v6-m/nofp\libc_nano.a(lib_a-init.o)
                0x0000000008002a8c                __libc_init_array
 .text.__itoa   0x0000000008002ad4       0x30 e:/st/stm32cubeide_1.10.1/stm32cubeide/plugins/com.st.stm32cube.ide.mcu.externaltools.gnu-tools-for-stm32.10.3-2021.10.win32_1.0.0.202111181127/tools/bin/../lib/gcc/arm-none-eabi/10.3.1/../../../../arm-none-eabi/lib/thumb/v6-m/nofp\libc_nano.a(lib_a-itoa.o)
                0x0000000008002ad4                __itoa
 .text.itoa     0x0000000008002b04        0x8 e:/st/stm32cubeide_1.10.1/stm32cubeide/plugins/com.st.stm32cube.ide.mcu.externaltools.gnu-tools-for-stm32.10.3-2021.10.win32_1.0.0.202111181127/tools/bin/../lib/gcc/arm-none-eabi/10.3.1/../../../../arm-none-eabi/lib/thumb/v6-m/nofp\libc_nano.a(lib_a-itoa.o)
                0x0000000008002b04                itoa
 .text.memset   0x0000000008002b0c       0x10 e:/st/stm32cubeide_1.10.1/stm32cubeide/plugins/com.st.stm32cube.ide.mcu.externaltools.gnu-tools-for-stm32.10.3-2021.10.win32_1.0.0.202111181127/tools/bin/../lib/gcc/arm-none-eabi/10.3.1/../../../../arm-none-eabi/lib/thumb/v6-m/nofp\libc_nano.a(lib_a-memset.o)
                0x0000000008002b0c                memset
 .text.__utoa   0x0000000008002b1c       0x6c e:/st/stm32cubeide_1.10.1/stm32cubeide/plugins/com.st.stm32cube.ide.mcu.externaltools.gnu-tools-for-stm32.10.3-2021.10.win32_1.0.0.202111181127/tools/bin/../lib/gcc/arm-none-eabi/10.3.1/../../../../arm-none-eabi/lib/thumb/v6-m/nofp\libc_nano.a(lib_a-utoa.o)
                0x0000000008002b1c                __utoa
 .text.memcpy   0x0000000008002b88       0x12 e:/st/stm32cubeide_1.10.1/stm32cubeide/plugins/com.st.stm32cube.ide.mcu.externaltools.gnu-tools-for-stm32.10.3-2021.10.win32_1.0.0.202111181127/tools/bin/../lib/gcc/arm-none-eabi/10.3.1/../../../../arm-none-eabi/lib/thumb/v6-m/nofp\libc_nano.a(lib_a-memcpy-stub.o)
                0x0000000008002b88                memcpy
 *(.glue_7)
 .glue_7        0x0000000008002b9a        0x0 linker stubs
 *(.glue_7t)
 .glue_7t       0x0000000008002b9a        0x0 linker stubs
 *(.eh_frame)
 *fill*         0x0000000008002b9a        0x2 
 .eh_frame      0x0000000008002b9c        0x0 e:/st/stm32cubeide_1.10.1/stm32cubeide/plugins/com.st.stm32cube.ide.mcu.externaltools.gnu-tools-for-stm32.10.3-2021.10.win32_1.0.0.202111181127/tools/bin/../lib/gcc/arm-none-eabi/10.3.1/thumb/v6-m/nofp/crtbegin.o
 *(.init)
 .init          0x0000000008002b9c        0x4 e:/st/stm32cubeide_1.10.1/stm32cubeide/plugins/com.st.stm32cube.ide.mcu.externaltools.gnu-tools-for-stm32.10.3-2021.10.win32_1.0.0.202111181127/tools/bin/../lib/gcc/arm-none-eabi/10.3.1/thumb/v6-m/nofp/crti.o
                0x0000000008002b9c                _init
 .init          0x0000000008002ba0        0x8 e:/st/stm32cubeide_1.10.1/stm32cubeide/plugins/com.st.stm32cube.ide.mcu.externaltools.gnu-tools-for-stm32.10.3-2021.10.win32_1.0.0.202111181127/tools/bin/../lib/gcc/arm-none-eabi/10.3.1/thumb/v6-m/nofp/crtn.o
 *(.fini)
 .fini          0x0000000008002ba8        0x4 e:/st/stm32cubeide_1.10.1/stm32cubeide/plugins/com.st.stm32cube.ide.mcu.externaltools.gnu-tools-for-stm32.10.3-2021.10.win32_1.0.0.202111181127/tools/bin/../lib/gcc/arm-none-eabi/10.3.1/thumb/v6-m/nofp/crti.o
                0x0000000008002ba8                _fini
 .fini          0x0000000008002bac        0x8 e:/st/stm32cubeide_1.10.1/stm32cubeide/plugins/com.st.stm32cube.ide.mcu.externaltools.gnu-tools-for-stm32.10.3-2021.10.win32_1.0.0.202111181127/tools/bin/../lib/gcc/arm-none-eabi/10.3.1/thumb/v6-m/nofp/crtn.o
                0x0000000008002bb4                . = ALIGN (0x4)
                0x0000000008002bb4                _etext = .

.vfp11_veneer   0x0000000008002bb4        0x0
 .vfp11_veneer  0x0000000008002bb4        0x0 linker stubs

.v4_bx          0x0000000008002bb4        0x0
 .v4_bx         0x0000000008002bb4        0x0 linker stubs

.iplt           0x0000000008002bb4        0x0
 .iplt          0x0000000008002bb4        0x0 e:/st/stm32cubeide_1.10.1/stm32cubeide/plugins/com.st.stm32cube.ide.mcu.externaltools.gnu-tools-for-stm32.10.3-2021.10.win32_1.0.0.202111181127/tools/bin/../lib/gcc/arm-none-eabi/10.3.1/thumb/v6-m/nofp/crtbegin.o

.rodata         0x0000000008002bb4      0x3dc
                0x0000000008002bb4                . = ALIGN (0x4)
 *(.rodata)
 .rodata        0x0000000008002bb4       0x47 ./Core/Src/DFPLAYER_MINI.o
 *fill*         0x0000000008002bfb        0x1 
 .rodata        0x0000000008002bfc        0x4 ./Core/Src/main.o
 .rodata        0x0000000008002c00       0x20 ./Drivers/STM32F0xx_HAL_Driver/Src/stm32f0xx_hal_rcc.o
 *(.rodata*)
 .rodata.rgbOledFont0
                0x0000000008002c20      0x300 ./Core/Src/ChrFont0.o
                0x0000000008002c20                rgbOledFont0
 .rodata.rgbFillPat
                0x0000000008002f20       0x40 ./Core/Src/FillPat.o
                0x0000000008002f20                rgbFillPat
 .rodata.APBPrescTable
                0x0000000008002f60        0x8 ./Core/Src/system_stm32f0xx.o
                0x0000000008002f60                APBPrescTable
 .rodata.__utoa.str1.1
                0x0000000008002f68       0x25 e:/st/stm32cubeide_1.10.1/stm32cubeide/plugins/com.st.stm32cube.ide.mcu.externaltools.gnu-tools-for-stm32.10.3-2021.10.win32_1.0.0.202111181127/tools/bin/../lib/gcc/arm-none-eabi/10.3.1/../../../../arm-none-eabi/lib/thumb/v6-m/nofp\libc_nano.a(lib_a-utoa.o)
                0x0000000008002f90                . = ALIGN (0x4)
 *fill*         0x0000000008002f8d        0x3 

.rel.dyn        0x0000000008002f90        0x0
 .rel.iplt      0x0000000008002f90        0x0 e:/st/stm32cubeide_1.10.1/stm32cubeide/plugins/com.st.stm32cube.ide.mcu.externaltools.gnu-tools-for-stm32.10.3-2021.10.win32_1.0.0.202111181127/tools/bin/../lib/gcc/arm-none-eabi/10.3.1/thumb/v6-m/nofp/crtbegin.o

.ARM.extab      0x0000000008002f90        0x0
                0x0000000008002f90                . = ALIGN (0x4)
 *(.ARM.extab* .gnu.linkonce.armextab.*)
                0x0000000008002f90                . = ALIGN (0x4)

.ARM            0x0000000008002f90        0x0
                0x0000000008002f90                . = ALIGN (0x4)
                0x0000000008002f90                __exidx_start = .
 *(.ARM.exidx*)
                0x0000000008002f90                __exidx_end = .
                0x0000000008002f90                . = ALIGN (0x4)

.preinit_array  0x0000000008002f90        0x0
                0x0000000008002f90                . = ALIGN (0x4)
                0x0000000008002f90                PROVIDE (__preinit_array_start = .)
 *(.preinit_array*)
                0x0000000008002f90                PROVIDE (__preinit_array_end = .)
                0x0000000008002f90                . = ALIGN (0x4)

.init_array     0x0000000008002f90        0x4
                0x0000000008002f90                . = ALIGN (0x4)
                0x0000000008002f90                PROVIDE (__init_array_start = .)
 *(SORT_BY_NAME(.init_array.*))
 *(.init_array*)
 .init_array    0x0000000008002f90        0x4 e:/st/stm32cubeide_1.10.1/stm32cubeide/plugins/com.st.stm32cube.ide.mcu.externaltools.gnu-tools-for-stm32.10.3-2021.10.win32_1.0.0.202111181127/tools/bin/../lib/gcc/arm-none-eabi/10.3.1/thumb/v6-m/nofp/crtbegin.o
                0x0000000008002f94                PROVIDE (__init_array_end = .)
                0x0000000008002f94                . = ALIGN (0x4)

.fini_array     0x0000000008002f94        0x4
                0x0000000008002f94                . = ALIGN (0x4)
                [!provide]                        PROVIDE (__fini_array_start = .)
 *(SORT_BY_NAME(.fini_array.*))
 *(.fini_array*)
 .fini_array    0x0000000008002f94        0x4 e:/st/stm32cubeide_1.10.1/stm32cubeide/plugins/com.st.stm32cube.ide.mcu.externaltools.gnu-tools-for-stm32.10.3-2021.10.win32_1.0.0.202111181127/tools/bin/../lib/gcc/arm-none-eabi/10.3.1/thumb/v6-m/nofp/crtbegin.o
                [!provide]                        PROVIDE (__fini_array_end = .)
                0x0000000008002f98                . = ALIGN (0x4)
                0x0000000008002f98                _sidata = LOADADDR (.data)

.data           0x0000000020000000       0x14 load address 0x0000000008002f98
                0x0000000020000000                . = ALIGN (0x4)
                0x0000000020000000                _sdata = .
 *(.data)
 *(.data*)
 .data.isplaying
                0x0000000020000000        0x4 ./Core/Src/DFPLAYER_MINI.o
                0x0000000020000000                isplaying
 .data.volume   0x0000000020000004        0x4 ./Core/Src/DFPLAYER_MINI.o
                0x0000000020000004                volume
 .data.SystemCoreClock
                0x0000000020000008        0x4 ./Core/Src/system_stm32f0xx.o
                0x0000000020000008                SystemCoreClock
 .data.uwTickPrio
                0x000000002000000c        0x4 ./Drivers/STM32F0xx_HAL_Driver/Src/stm32f0xx_hal.o
                0x000000002000000c                uwTickPrio
 .data.uwTickFreq
                0x0000000020000010        0x1 ./Drivers/STM32F0xx_HAL_Driver/Src/stm32f0xx_hal.o
                0x0000000020000010                uwTickFreq
 *(.RamFunc)
 *(.RamFunc*)
                0x0000000020000014                . = ALIGN (0x4)
 *fill*         0x0000000020000011        0x3 
                0x0000000020000014                _edata = .

.igot.plt       0x0000000020000014        0x0 load address 0x0000000008002fac
 .igot.plt      0x0000000020000014        0x0 e:/st/stm32cubeide_1.10.1/stm32cubeide/plugins/com.st.stm32cube.ide.mcu.externaltools.gnu-tools-for-stm32.10.3-2021.10.win32_1.0.0.202111181127/tools/bin/../lib/gcc/arm-none-eabi/10.3.1/thumb/v6-m/nofp/crtbegin.o
                0x0000000020000014                . = ALIGN (0x4)

.bss            0x0000000020000014      0x450 load address 0x0000000008002fac
                0x0000000020000014                _sbss = .
                0x0000000020000014                __bss_start__ = _sbss
 *(.bss)
 .bss           0x0000000020000014       0x1c e:/st/stm32cubeide_1.10.1/stm32cubeide/plugins/com.st.stm32cube.ide.mcu.externaltools.gnu-tools-for-stm32.10.3-2021.10.win32_1.0.0.202111181127/tools/bin/../lib/gcc/arm-none-eabi/10.3.1/thumb/v6-m/nofp/crtbegin.o
 *(.bss*)
 .bss.ispause   0x0000000020000030        0x4 ./Core/Src/DFPLAYER_MINI.o
                0x0000000020000030                ispause
 .bss.xchOledCur
                0x0000000020000034        0x4 ./Core/Src/OledChar.o
                0x0000000020000034                xchOledCur
 .bss.ychOledCur
                0x0000000020000038        0x4 ./Core/Src/OledChar.o
                0x0000000020000038                ychOledCur
 .bss.xchOledMax
                0x000000002000003c        0x4 ./Core/Src/OledChar.o
                0x000000002000003c                xchOledMax
 .bss.ychOledMax
                0x0000000020000040        0x4 ./Core/Src/OledChar.o
                0x0000000020000040                ychOledMax
 .bss.rgbOledFontUser
                0x0000000020000044      0x100 ./Core/Src/OledChar.o
                0x0000000020000044                rgbOledFontUser
 .bss.xcoOledCur
                0x0000000020000144        0x4 ./Core/Src/OledDriver.o
                0x0000000020000144                xcoOledCur
 .bss.ycoOledCur
                0x0000000020000148        0x4 ./Core/Src/OledDriver.o
                0x0000000020000148                ycoOledCur
 .bss.pbOledCur
                0x000000002000014c        0x4 ./Core/Src/OledDriver.o
                0x000000002000014c                pbOledCur
 .bss.bnOledCur
                0x0000000020000150        0x4 ./Core/Src/OledDriver.o
                0x0000000020000150                bnOledCur
 .bss.clrOledCur
                0x0000000020000154        0x1 ./Core/Src/OledDriver.o
                0x0000000020000154                clrOledCur
 *fill*         0x0000000020000155        0x3 
 .bss.pbOledPatCur
                0x0000000020000158        0x4 ./Core/Src/OledDriver.o
                0x0000000020000158                pbOledPatCur
 .bss.fOledCharUpdate
                0x000000002000015c        0x4 ./Core/Src/OledDriver.o
                0x000000002000015c                fOledCharUpdate
 .bss.dxcoOledFontCur
                0x0000000020000160        0x4 ./Core/Src/OledDriver.o
                0x0000000020000160                dxcoOledFontCur
 .bss.dycoOledFontCur
                0x0000000020000164        0x4 ./Core/Src/OledDriver.o
                0x0000000020000164                dycoOledFontCur
 .bss.pbOledFontCur
                0x0000000020000168        0x4 ./Core/Src/OledDriver.o
                0x0000000020000168                pbOledFontCur
 .bss.pbOledFontUser
                0x000000002000016c        0x4 ./Core/Src/OledDriver.o
                0x000000002000016c                pbOledFontUser
 .bss.rgbOledBmp
                0x0000000020000170      0x200 ./Core/Src/OledDriver.o
                0x0000000020000170                rgbOledBmp
 .bss.pfnDoRop  0x0000000020000370        0x4 ./Core/Src/OledGrph.o
                0x0000000020000370                pfnDoRop
 .bss.modOledCur
                0x0000000020000374        0x4 ./Core/Src/OledGrph.o
                0x0000000020000374                modOledCur
 .bss.hspi1     0x0000000020000378       0x64 ./Core/Src/main.o
                0x0000000020000378                hspi1
 .bss.huart1    0x00000000200003dc       0x84 ./Core/Src/main.o
                0x00000000200003dc                huart1
 .bss.uwTick    0x0000000020000460        0x4 ./Drivers/STM32F0xx_HAL_Driver/Src/stm32f0xx_hal.o
                0x0000000020000460                uwTick
 *(COMMON)
                0x0000000020000464                . = ALIGN (0x4)
                0x0000000020000464                _ebss = .
                0x0000000020000464                __bss_end__ = _ebss

._user_heap_stack
                0x0000000020000464      0x604 load address 0x0000000008002fac
                0x0000000020000468                . = ALIGN (0x8)
 *fill*         0x0000000020000464        0x4 
                [!provide]                        PROVIDE (end = .)
                0x0000000020000468                PROVIDE (_end = .)
                0x0000000020000668                . = (. + _Min_Heap_Size)
 *fill*         0x0000000020000468      0x200 
                0x0000000020000a68                . = (. + _Min_Stack_Size)
 *fill*         0x0000000020000668      0x400 
                0x0000000020000a68                . = ALIGN (0x8)

/DISCARD/
 libc.a(*)
 libm.a(*)
 libgcc.a(*)

.ARM.attributes
                0x0000000000000000       0x28
 *(.ARM.attributes)
 .ARM.attributes
                0x0000000000000000       0x1e e:/st/stm32cubeide_1.10.1/stm32cubeide/plugins/com.st.stm32cube.ide.mcu.externaltools.gnu-tools-for-stm32.10.3-2021.10.win32_1.0.0.202111181127/tools/bin/../lib/gcc/arm-none-eabi/10.3.1/thumb/v6-m/nofp/crti.o
 .ARM.attributes
                0x000000000000001e       0x2c e:/st/stm32cubeide_1.10.1/stm32cubeide/plugins/com.st.stm32cube.ide.mcu.externaltools.gnu-tools-for-stm32.10.3-2021.10.win32_1.0.0.202111181127/tools/bin/../lib/gcc/arm-none-eabi/10.3.1/thumb/v6-m/nofp/crtbegin.o
 .ARM.attributes
                0x000000000000004a       0x2c ./Core/Src/ChrFont0.o
 .ARM.attributes
                0x0000000000000076       0x2c ./Core/Src/DFPLAYER_MINI.o
 .ARM.attributes
                0x00000000000000a2       0x2c ./Core/Src/FillPat.o
 .ARM.attributes
                0x00000000000000ce       0x2c ./Core/Src/OledChar.o
 .ARM.attributes
                0x00000000000000fa       0x2c ./Core/Src/OledDriver.o
 .ARM.attributes
                0x0000000000000126       0x2c ./Core/Src/OledGrph.o
 .ARM.attributes
                0x0000000000000152       0x2c ./Core/Src/main.o
 .ARM.attributes
                0x000000000000017e       0x2c ./Core/Src/stm32f0xx_hal_msp.o
 .ARM.attributes
                0x00000000000001aa       0x2c ./Core/Src/stm32f0xx_it.o
 .ARM.attributes
                0x00000000000001d6       0x2c ./Core/Src/system_stm32f0xx.o
 .ARM.attributes
                0x0000000000000202       0x21 ./Core/Startup/startup_stm32f070f6px.o
 .ARM.attributes
                0x0000000000000223       0x2c ./Drivers/STM32F0xx_HAL_Driver/Src/stm32f0xx_hal.o
 .ARM.attributes
                0x000000000000024f       0x2c ./Drivers/STM32F0xx_HAL_Driver/Src/stm32f0xx_hal_cortex.o
 .ARM.attributes
                0x000000000000027b       0x2c ./Drivers/STM32F0xx_HAL_Driver/Src/stm32f0xx_hal_gpio.o
 .ARM.attributes
                0x00000000000002a7       0x2c ./Drivers/STM32F0xx_HAL_Driver/Src/stm32f0xx_hal_rcc.o
 .ARM.attributes
                0x00000000000002d3       0x2c ./Drivers/STM32F0xx_HAL_Driver/Src/stm32f0xx_hal_spi.o
 .ARM.attributes
                0x00000000000002ff       0x2c ./Drivers/STM32F0xx_HAL_Driver/Src/stm32f0xx_hal_uart.o
 .ARM.attributes
                0x000000000000032b       0x2c e:/st/stm32cubeide_1.10.1/stm32cubeide/plugins/com.st.stm32cube.ide.mcu.externaltools.gnu-tools-for-stm32.10.3-2021.10.win32_1.0.0.202111181127/tools/bin/../lib/gcc/arm-none-eabi/10.3.1/../../../../arm-none-eabi/lib/thumb/v6-m/nofp\libc_nano.a(lib_a-init.o)
 .ARM.attributes
                0x0000000000000357       0x2c e:/st/stm32cubeide_1.10.1/stm32cubeide/plugins/com.st.stm32cube.ide.mcu.externaltools.gnu-tools-for-stm32.10.3-2021.10.win32_1.0.0.202111181127/tools/bin/../lib/gcc/arm-none-eabi/10.3.1/../../../../arm-none-eabi/lib/thumb/v6-m/nofp\libc_nano.a(lib_a-itoa.o)
 .ARM.attributes
                0x0000000000000383       0x2c e:/st/stm32cubeide_1.10.1/stm32cubeide/plugins/com.st.stm32cube.ide.mcu.externaltools.gnu-tools-for-stm32.10.3-2021.10.win32_1.0.0.202111181127/tools/bin/../lib/gcc/arm-none-eabi/10.3.1/../../../../arm-none-eabi/lib/thumb/v6-m/nofp\libc_nano.a(lib_a-memset.o)
 .ARM.attributes
                0x00000000000003af       0x2c e:/st/stm32cubeide_1.10.1/stm32cubeide/plugins/com.st.stm32cube.ide.mcu.externaltools.gnu-tools-for-stm32.10.3-2021.10.win32_1.0.0.202111181127/tools/bin/../lib/gcc/arm-none-eabi/10.3.1/../../../../arm-none-eabi/lib/thumb/v6-m/nofp\libc_nano.a(lib_a-utoa.o)
 .ARM.attributes
                0x00000000000003db       0x2c e:/st/stm32cubeide_1.10.1/stm32cubeide/plugins/com.st.stm32cube.ide.mcu.externaltools.gnu-tools-for-stm32.10.3-2021.10.win32_1.0.0.202111181127/tools/bin/../lib/gcc/arm-none-eabi/10.3.1/../../../../arm-none-eabi/lib/thumb/v6-m/nofp\libc_nano.a(lib_a-memcpy-stub.o)
 .ARM.attributes
                0x0000000000000407       0x1e e:/st/stm32cubeide_1.10.1/stm32cubeide/plugins/com.st.stm32cube.ide.mcu.externaltools.gnu-tools-for-stm32.10.3-2021.10.win32_1.0.0.202111181127/tools/bin/../lib/gcc/arm-none-eabi/10.3.1/thumb/v6-m/nofp\libgcc.a(_udivsi3.o)
 .ARM.attributes
                0x0000000000000425       0x1e e:/st/stm32cubeide_1.10.1/stm32cubeide/plugins/com.st.stm32cube.ide.mcu.externaltools.gnu-tools-for-stm32.10.3-2021.10.win32_1.0.0.202111181127/tools/bin/../lib/gcc/arm-none-eabi/10.3.1/thumb/v6-m/nofp\libgcc.a(_divsi3.o)
 .ARM.attributes
                0x0000000000000443       0x1e e:/st/stm32cubeide_1.10.1/stm32cubeide/plugins/com.st.stm32cube.ide.mcu.externaltools.gnu-tools-for-stm32.10.3-2021.10.win32_1.0.0.202111181127/tools/bin/../lib/gcc/arm-none-eabi/10.3.1/thumb/v6-m/nofp\libgcc.a(_dvmd_tls.o)
 .ARM.attributes
                0x0000000000000461       0x1e e:/st/stm32cubeide_1.10.1/stm32cubeide/plugins/com.st.stm32cube.ide.mcu.externaltools.gnu-tools-for-stm32.10.3-2021.10.win32_1.0.0.202111181127/tools/bin/../lib/gcc/arm-none-eabi/10.3.1/thumb/v6-m/nofp/crtn.o
OUTPUT(Projeto_Final.elf elf32-littlearm)
LOAD linker stubs
LOAD e:/st/stm32cubeide_1.10.1/stm32cubeide/plugins/com.st.stm32cube.ide.mcu.externaltools.gnu-tools-for-stm32.10.3-2021.10.win32_1.0.0.202111181127/tools/bin/../lib/gcc/arm-none-eabi/10.3.1/../../../../arm-none-eabi/lib/thumb/v6-m/nofp\libc.a
LOAD e:/st/stm32cubeide_1.10.1/stm32cubeide/plugins/com.st.stm32cube.ide.mcu.externaltools.gnu-tools-for-stm32.10.3-2021.10.win32_1.0.0.202111181127/tools/bin/../lib/gcc/arm-none-eabi/10.3.1/../../../../arm-none-eabi/lib/thumb/v6-m/nofp\libm.a
LOAD e:/st/stm32cubeide_1.10.1/stm32cubeide/plugins/com.st.stm32cube.ide.mcu.externaltools.gnu-tools-for-stm32.10.3-2021.10.win32_1.0.0.202111181127/tools/bin/../lib/gcc/arm-none-eabi/10.3.1/thumb/v6-m/nofp\libgcc.a

.debug_info     0x0000000000000000     0xafbd
 .debug_info    0x0000000000000000       0x69 ./Core/Src/ChrFont0.o
 .debug_info    0x0000000000000069      0x98d ./Core/Src/DFPLAYER_MINI.o
 .debug_info    0x00000000000009f6       0x68 ./Core/Src/FillPat.o
 .debug_info    0x0000000000000a5e      0x2f8 ./Core/Src/OledChar.o
 .debug_info    0x0000000000000d56      0xae5 ./Core/Src/OledDriver.o
 .debug_info    0x000000000000183b      0x935 ./Core/Src/OledGrph.o
 .debug_info    0x0000000000002170      0xf69 ./Core/Src/main.o
 .debug_info    0x00000000000030d9      0xc5d ./Core/Src/stm32f0xx_hal_msp.o
 .debug_info    0x0000000000003d36       0xda ./Core/Src/stm32f0xx_it.o
 .debug_info    0x0000000000003e10      0x269 ./Core/Src/system_stm32f0xx.o
 .debug_info    0x0000000000004079       0x22 ./Core/Startup/startup_stm32f070f6px.o
 .debug_info    0x000000000000409b      0x6a9 ./Drivers/STM32F0xx_HAL_Driver/Src/stm32f0xx_hal.o
 .debug_info    0x0000000000004744      0x6e7 ./Drivers/STM32F0xx_HAL_Driver/Src/stm32f0xx_hal_cortex.o
 .debug_info    0x0000000000004e2b      0x60f ./Drivers/STM32F0xx_HAL_Driver/Src/stm32f0xx_hal_gpio.o
 .debug_info    0x000000000000543a      0x888 ./Drivers/STM32F0xx_HAL_Driver/Src/stm32f0xx_hal_rcc.o
 .debug_info    0x0000000000005cc2     0x1769 ./Drivers/STM32F0xx_HAL_Driver/Src/stm32f0xx_hal_spi.o
 .debug_info    0x000000000000742b     0x3b92 ./Drivers/STM32F0xx_HAL_Driver/Src/stm32f0xx_hal_uart.o

.debug_abbrev   0x0000000000000000     0x1d3a
 .debug_abbrev  0x0000000000000000       0x59 ./Core/Src/ChrFont0.o
 .debug_abbrev  0x0000000000000059      0x20a ./Core/Src/DFPLAYER_MINI.o
 .debug_abbrev  0x0000000000000263       0x59 ./Core/Src/FillPat.o
 .debug_abbrev  0x00000000000002bc      0x1d5 ./Core/Src/OledChar.o
 .debug_abbrev  0x0000000000000491      0x28f ./Core/Src/OledDriver.o
 .debug_abbrev  0x0000000000000720      0x229 ./Core/Src/OledGrph.o
 .debug_abbrev  0x0000000000000949      0x2b7 ./Core/Src/main.o
 .debug_abbrev  0x0000000000000c00      0x194 ./Core/Src/stm32f0xx_hal_msp.o
 .debug_abbrev  0x0000000000000d94       0x74 ./Core/Src/stm32f0xx_it.o
 .debug_abbrev  0x0000000000000e08      0x116 ./Core/Src/system_stm32f0xx.o
 .debug_abbrev  0x0000000000000f1e       0x12 ./Core/Startup/startup_stm32f070f6px.o
 .debug_abbrev  0x0000000000000f30      0x23f ./Drivers/STM32F0xx_HAL_Driver/Src/stm32f0xx_hal.o
 .debug_abbrev  0x000000000000116f      0x283 ./Drivers/STM32F0xx_HAL_Driver/Src/stm32f0xx_hal_cortex.o
 .debug_abbrev  0x00000000000013f2      0x1bb ./Drivers/STM32F0xx_HAL_Driver/Src/stm32f0xx_hal_gpio.o
 .debug_abbrev  0x00000000000015ad      0x283 ./Drivers/STM32F0xx_HAL_Driver/Src/stm32f0xx_hal_rcc.o
 .debug_abbrev  0x0000000000001830      0x254 ./Drivers/STM32F0xx_HAL_Driver/Src/stm32f0xx_hal_spi.o
 .debug_abbrev  0x0000000000001a84      0x2b6 ./Drivers/STM32F0xx_HAL_Driver/Src/stm32f0xx_hal_uart.o

.debug_aranges  0x0000000000000000      0x9e0
 .debug_aranges
                0x0000000000000000       0x18 ./Core/Src/ChrFont0.o
 .debug_aranges
                0x0000000000000018       0x60 ./Core/Src/DFPLAYER_MINI.o
 .debug_aranges
                0x0000000000000078       0x18 ./Core/Src/FillPat.o
 .debug_aranges
                0x0000000000000090       0x60 ./Core/Src/OledChar.o
 .debug_aranges
                0x00000000000000f0       0x90 ./Core/Src/OledDriver.o
 .debug_aranges
                0x0000000000000180       0xe8 ./Core/Src/OledGrph.o
 .debug_aranges
                0x0000000000000268       0x50 ./Core/Src/main.o
 .debug_aranges
                0x00000000000002b8       0x40 ./Core/Src/stm32f0xx_hal_msp.o
 .debug_aranges
                0x00000000000002f8       0x40 ./Core/Src/stm32f0xx_it.o
 .debug_aranges
                0x0000000000000338       0x28 ./Core/Src/system_stm32f0xx.o
 .debug_aranges
                0x0000000000000360       0x28 ./Core/Startup/startup_stm32f070f6px.o
 .debug_aranges
                0x0000000000000388       0xd0 ./Drivers/STM32F0xx_HAL_Driver/Src/stm32f0xx_hal.o
 .debug_aranges
                0x0000000000000458       0xc0 ./Drivers/STM32F0xx_HAL_Driver/Src/stm32f0xx_hal_cortex.o
 .debug_aranges
                0x0000000000000518       0x58 ./Drivers/STM32F0xx_HAL_Driver/Src/stm32f0xx_hal_gpio.o
 .debug_aranges
                0x0000000000000570       0x80 ./Drivers/STM32F0xx_HAL_Driver/Src/stm32f0xx_hal_rcc.o
 .debug_aranges
                0x00000000000005f0      0x1d8 ./Drivers/STM32F0xx_HAL_Driver/Src/stm32f0xx_hal_spi.o
 .debug_aranges
                0x00000000000007c8      0x218 ./Drivers/STM32F0xx_HAL_Driver/Src/stm32f0xx_hal_uart.o

.debug_macro    0x0000000000000000    0x1033c
 .debug_macro   0x0000000000000000       0x11 ./Core/Src/ChrFont0.o
 .debug_macro   0x0000000000000011      0xa4e ./Core/Src/ChrFont0.o
 .debug_macro   0x0000000000000a5f      0x3fd ./Core/Src/DFPLAYER_MINI.o
 .debug_macro   0x0000000000000e5c      0x133 ./Core/Src/DFPLAYER_MINI.o
 .debug_macro   0x0000000000000f8f       0x2e ./Core/Src/DFPLAYER_MINI.o
 .debug_macro   0x0000000000000fbd       0x22 ./Core/Src/DFPLAYER_MINI.o
 .debug_macro   0x0000000000000fdf       0x22 ./Core/Src/DFPLAYER_MINI.o
 .debug_macro   0x0000000000001001       0x8e ./Core/Src/DFPLAYER_MINI.o
 .debug_macro   0x000000000000108f       0x51 ./Core/Src/DFPLAYER_MINI.o
 .debug_macro   0x00000000000010e0      0x103 ./Core/Src/DFPLAYER_MINI.o
 .debug_macro   0x00000000000011e3       0x6a ./Core/Src/DFPLAYER_MINI.o
 .debug_macro   0x000000000000124d      0x1df ./Core/Src/DFPLAYER_MINI.o
 .debug_macro   0x000000000000142c       0x1c ./Core/Src/DFPLAYER_MINI.o
 .debug_macro   0x0000000000001448       0x22 ./Core/Src/DFPLAYER_MINI.o
 .debug_macro   0x000000000000146a       0xaf ./Core/Src/DFPLAYER_MINI.o
 .debug_macro   0x0000000000001519      0x391 ./Core/Src/DFPLAYER_MINI.o
 .debug_macro   0x00000000000018aa     0x729d ./Core/Src/DFPLAYER_MINI.o
 .debug_macro   0x0000000000008b47       0x66 ./Core/Src/DFPLAYER_MINI.o
 .debug_macro   0x0000000000008bad     0x34a6 ./Core/Src/DFPLAYER_MINI.o
 .debug_macro   0x000000000000c053      0x174 ./Core/Src/DFPLAYER_MINI.o
 .debug_macro   0x000000000000c1c7       0x55 ./Core/Src/DFPLAYER_MINI.o
 .debug_macro   0x000000000000c21c      0x924 ./Core/Src/DFPLAYER_MINI.o
 .debug_macro   0x000000000000cb40      0x19b ./Core/Src/DFPLAYER_MINI.o
 .debug_macro   0x000000000000ccdb      0x1af ./Core/Src/DFPLAYER_MINI.o
 .debug_macro   0x000000000000ce8a       0xea ./Core/Src/DFPLAYER_MINI.o
 .debug_macro   0x000000000000cf74      0x1a0 ./Core/Src/DFPLAYER_MINI.o
 .debug_macro   0x000000000000d114      0x1ed ./Core/Src/DFPLAYER_MINI.o
 .debug_macro   0x000000000000d301       0x34 ./Core/Src/DFPLAYER_MINI.o
 .debug_macro   0x000000000000d335       0x43 ./Core/Src/DFPLAYER_MINI.o
 .debug_macro   0x000000000000d378       0x28 ./Core/Src/DFPLAYER_MINI.o
 .debug_macro   0x000000000000d3a0       0xb0 ./Core/Src/DFPLAYER_MINI.o
 .debug_macro   0x000000000000d450      0x15a ./Core/Src/DFPLAYER_MINI.o
 .debug_macro   0x000000000000d5aa      0x22c ./Core/Src/DFPLAYER_MINI.o
 .debug_macro   0x000000000000d7d6       0x61 ./Core/Src/DFPLAYER_MINI.o
 .debug_macro   0x000000000000d837       0xa5 ./Core/Src/DFPLAYER_MINI.o
 .debug_macro   0x000000000000d8dc       0x4c ./Core/Src/DFPLAYER_MINI.o
 .debug_macro   0x000000000000d928       0x32 ./Core/Src/DFPLAYER_MINI.o
 .debug_macro   0x000000000000d95a      0x2fe ./Core/Src/DFPLAYER_MINI.o
 .debug_macro   0x000000000000dc58      0x55f ./Core/Src/DFPLAYER_MINI.o
 .debug_macro   0x000000000000e1b7       0x44 ./Core/Src/DFPLAYER_MINI.o
 .debug_macro   0x000000000000e1fb      0x10b ./Core/Src/DFPLAYER_MINI.o
 .debug_macro   0x000000000000e306       0x52 ./Core/Src/DFPLAYER_MINI.o
 .debug_macro   0x000000000000e358       0x18 ./Core/Src/DFPLAYER_MINI.o
 .debug_macro   0x000000000000e370       0x3c ./Core/Src/DFPLAYER_MINI.o
 .debug_macro   0x000000000000e3ac       0x34 ./Core/Src/DFPLAYER_MINI.o
 .debug_macro   0x000000000000e3e0       0x16 ./Core/Src/DFPLAYER_MINI.o
 .debug_macro   0x000000000000e3f6       0x35 ./Core/Src/DFPLAYER_MINI.o
 .debug_macro   0x000000000000e42b      0x341 ./Core/Src/DFPLAYER_MINI.o
 .debug_macro   0x000000000000e76c       0x10 ./Core/Src/DFPLAYER_MINI.o
 .debug_macro   0x000000000000e77c       0x16 ./Core/Src/DFPLAYER_MINI.o
 .debug_macro   0x000000000000e792       0x43 ./Core/Src/DFPLAYER_MINI.o
 .debug_macro   0x000000000000e7d5       0x34 ./Core/Src/DFPLAYER_MINI.o
 .debug_macro   0x000000000000e809       0x10 ./Core/Src/DFPLAYER_MINI.o
 .debug_macro   0x000000000000e819       0x58 ./Core/Src/DFPLAYER_MINI.o
 .debug_macro   0x000000000000e871       0x71 ./Core/Src/DFPLAYER_MINI.o
 .debug_macro   0x000000000000e8e2       0x1c ./Core/Src/DFPLAYER_MINI.o
 .debug_macro   0x000000000000e8fe      0x12a ./Core/Src/DFPLAYER_MINI.o
 .debug_macro   0x000000000000ea28       0x10 ./Core/Src/DFPLAYER_MINI.o
 .debug_macro   0x000000000000ea38       0x1c ./Core/Src/DFPLAYER_MINI.o
 .debug_macro   0x000000000000ea54       0x52 ./Core/Src/DFPLAYER_MINI.o
 .debug_macro   0x000000000000eaa6       0x22 ./Core/Src/DFPLAYER_MINI.o
 .debug_macro   0x000000000000eac8       0x10 ./Core/Src/DFPLAYER_MINI.o
 .debug_macro   0x000000000000ead8       0x52 ./Core/Src/DFPLAYER_MINI.o
 .debug_macro   0x000000000000eb2a       0xd5 ./Core/Src/DFPLAYER_MINI.o
 .debug_macro   0x000000000000ebff       0x1c ./Core/Src/DFPLAYER_MINI.o
 .debug_macro   0x000000000000ec1b       0x3d ./Core/Src/DFPLAYER_MINI.o
 .debug_macro   0x000000000000ec58       0x16 ./Core/Src/DFPLAYER_MINI.o
 .debug_macro   0x000000000000ec6e      0x145 ./Core/Src/DFPLAYER_MINI.o
 .debug_macro   0x000000000000edb3       0x4c ./Core/Src/DFPLAYER_MINI.o
 .debug_macro   0x000000000000edff       0x16 ./Core/Src/DFPLAYER_MINI.o
 .debug_macro   0x000000000000ee15       0x16 ./Core/Src/DFPLAYER_MINI.o
 .debug_macro   0x000000000000ee2b       0x29 ./Core/Src/DFPLAYER_MINI.o
 .debug_macro   0x000000000000ee54       0x16 ./Core/Src/DFPLAYER_MINI.o
 .debug_macro   0x000000000000ee6a       0x20 ./Core/Src/DFPLAYER_MINI.o
 .debug_macro   0x000000000000ee8a       0x11 ./Core/Src/FillPat.o
 .debug_macro   0x000000000000ee9b       0x2e ./Core/Src/OledChar.o
 .debug_macro   0x000000000000eec9      0x20a ./Core/Src/OledDriver.o
 .debug_macro   0x000000000000f0d3       0x1a ./Core/Src/OledGrph.o
 .debug_macro   0x000000000000f0ed      0x1f4 ./Core/Src/main.o
 .debug_macro   0x000000000000f2e1      0x1cd ./Core/Src/stm32f0xx_hal_msp.o
 .debug_macro   0x000000000000f4ae      0x1d7 ./Core/Src/stm32f0xx_it.o
 .debug_macro   0x000000000000f685      0x1c3 ./Core/Src/system_stm32f0xx.o
 .debug_macro   0x000000000000f848      0x1e7 ./Drivers/STM32F0xx_HAL_Driver/Src/stm32f0xx_hal.o
 .debug_macro   0x000000000000fa2f      0x1c3 ./Drivers/STM32F0xx_HAL_Driver/Src/stm32f0xx_hal_cortex.o
 .debug_macro   0x000000000000fbf2      0x1ca ./Drivers/STM32F0xx_HAL_Driver/Src/stm32f0xx_hal_gpio.o
 .debug_macro   0x000000000000fdbc      0x1d5 ./Drivers/STM32F0xx_HAL_Driver/Src/stm32f0xx_hal_rcc.o
 .debug_macro   0x000000000000ff91      0x1cb ./Drivers/STM32F0xx_HAL_Driver/Src/stm32f0xx_hal_spi.o
 .debug_macro   0x000000000001015c      0x1e0 ./Drivers/STM32F0xx_HAL_Driver/Src/stm32f0xx_hal_uart.o

.debug_line     0x0000000000000000     0xb16f
 .debug_line    0x0000000000000000       0x37 ./Core/Src/ChrFont0.o
 .debug_line    0x0000000000000037      0xac1 ./Core/Src/DFPLAYER_MINI.o
 .debug_line    0x0000000000000af8       0x36 ./Core/Src/FillPat.o
 .debug_line    0x0000000000000b2e      0x237 ./Core/Src/OledChar.o
 .debug_line    0x0000000000000d65      0x913 ./Core/Src/OledDriver.o
 .debug_line    0x0000000000001678      0x62b ./Core/Src/OledGrph.o
 .debug_line    0x0000000000001ca3      0x8b4 ./Core/Src/main.o
 .debug_line    0x0000000000002557      0x771 ./Core/Src/stm32f0xx_hal_msp.o
 .debug_line    0x0000000000002cc8      0x73c ./Core/Src/stm32f0xx_it.o
 .debug_line    0x0000000000003404      0x74c ./Core/Src/system_stm32f0xx.o
 .debug_line    0x0000000000003b50       0x9b ./Core/Startup/startup_stm32f070f6px.o
 .debug_line    0x0000000000003beb      0x952 ./Drivers/STM32F0xx_HAL_Driver/Src/stm32f0xx_hal.o
 .debug_line    0x000000000000453d      0x9fe ./Drivers/STM32F0xx_HAL_Driver/Src/stm32f0xx_hal_cortex.o
 .debug_line    0x0000000000004f3b      0xacf ./Drivers/STM32F0xx_HAL_Driver/Src/stm32f0xx_hal_gpio.o
 .debug_line    0x0000000000005a0a      0xd43 ./Drivers/STM32F0xx_HAL_Driver/Src/stm32f0xx_hal_rcc.o
 .debug_line    0x000000000000674d     0x1e67 ./Drivers/STM32F0xx_HAL_Driver/Src/stm32f0xx_hal_spi.o
 .debug_line    0x00000000000085b4     0x2bbb ./Drivers/STM32F0xx_HAL_Driver/Src/stm32f0xx_hal_uart.o

.debug_str      0x0000000000000000    0x604e9
 .debug_str     0x0000000000000000     0x2bd6 ./Core/Src/ChrFont0.o
                                       0x2bf9 (size before relaxing)
 .debug_str     0x0000000000002bd6    0x5b587 ./Core/Src/DFPLAYER_MINI.o
                                      0x5e428 (size before relaxing)
 .debug_str     0x000000000005e15d       0x21 ./Core/Src/FillPat.o
                                       0x2bf6 (size before relaxing)
 .debug_str     0x000000000005e17e      0x159 ./Core/Src/OledChar.o
                                       0x2e33 (size before relaxing)
 .debug_str     0x000000000005e2d7      0x387 ./Core/Src/OledDriver.o
                                      0x5a5fb (size before relaxing)
 .debug_str     0x000000000005e65e      0x248 ./Core/Src/OledGrph.o
                                       0x2fa8 (size before relaxing)
 .debug_str     0x000000000005e8a6      0x33c ./Core/Src/main.o
                                      0x5a8bd (size before relaxing)
 .debug_str     0x000000000005ebe2       0x8d ./Core/Src/stm32f0xx_hal_msp.o
                                      0x5a4dd (size before relaxing)
 .debug_str     0x000000000005ec6f       0x82 ./Core/Src/stm32f0xx_it.o
                                      0x59e49 (size before relaxing)
 .debug_str     0x000000000005ecf1       0x8b ./Core/Src/system_stm32f0xx.o
                                      0x59ec1 (size before relaxing)
 .debug_str     0x000000000005ed7c       0x36 ./Core/Startup/startup_stm32f070f6px.o
                                         0x53 (size before relaxing)
 .debug_str     0x000000000005edb2      0x4a0 ./Drivers/STM32F0xx_HAL_Driver/Src/stm32f0xx_hal.o
                                      0x5a432 (size before relaxing)
 .debug_str     0x000000000005f252      0x1be ./Drivers/STM32F0xx_HAL_Driver/Src/stm32f0xx_hal_cortex.o
                                      0x5a223 (size before relaxing)
 .debug_str     0x000000000005f410      0x102 ./Drivers/STM32F0xx_HAL_Driver/Src/stm32f0xx_hal_gpio.o
                                      0x5a062 (size before relaxing)
 .debug_str     0x000000000005f512      0x21a ./Drivers/STM32F0xx_HAL_Driver/Src/stm32f0xx_hal_rcc.o
                                      0x5a2fd (size before relaxing)
 .debug_str     0x000000000005f72c      0x598 ./Drivers/STM32F0xx_HAL_Driver/Src/stm32f0xx_hal_spi.o
                                      0x5a82b (size before relaxing)
 .debug_str     0x000000000005fcc4      0x825 ./Drivers/STM32F0xx_HAL_Driver/Src/stm32f0xx_hal_uart.o
                                      0x5abb2 (size before relaxing)

.comment        0x0000000000000000       0x50
 .comment       0x0000000000000000       0x50 ./Core/Src/ChrFont0.o
                                         0x51 (size before relaxing)
 .comment       0x0000000000000050       0x51 ./Core/Src/DFPLAYER_MINI.o
 .comment       0x0000000000000050       0x51 ./Core/Src/FillPat.o
 .comment       0x0000000000000050       0x51 ./Core/Src/OledChar.o
 .comment       0x0000000000000050       0x51 ./Core/Src/OledDriver.o
 .comment       0x0000000000000050       0x51 ./Core/Src/OledGrph.o
 .comment       0x0000000000000050       0x51 ./Core/Src/main.o
 .comment       0x0000000000000050       0x51 ./Core/Src/stm32f0xx_hal_msp.o
 .comment       0x0000000000000050       0x51 ./Core/Src/stm32f0xx_it.o
 .comment       0x0000000000000050       0x51 ./Core/Src/system_stm32f0xx.o
 .comment       0x0000000000000050       0x51 ./Drivers/STM32F0xx_HAL_Driver/Src/stm32f0xx_hal.o
 .comment       0x0000000000000050       0x51 ./Drivers/STM32F0xx_HAL_Driver/Src/stm32f0xx_hal_cortex.o
 .comment       0x0000000000000050       0x51 ./Drivers/STM32F0xx_HAL_Driver/Src/stm32f0xx_hal_gpio.o
 .comment       0x0000000000000050       0x51 ./Drivers/STM32F0xx_HAL_Driver/Src/stm32f0xx_hal_rcc.o
 .comment       0x0000000000000050       0x51 ./Drivers/STM32F0xx_HAL_Driver/Src/stm32f0xx_hal_spi.o
 .comment       0x0000000000000050       0x51 ./Drivers/STM32F0xx_HAL_Driver/Src/stm32f0xx_hal_uart.o

.debug_ranges   0x0000000000000000      0x8f8
 .debug_ranges  0x0000000000000000       0x50 ./Core/Src/DFPLAYER_MINI.o
 .debug_ranges  0x0000000000000050       0x50 ./Core/Src/OledChar.o
 .debug_ranges  0x00000000000000a0       0x80 ./Core/Src/OledDriver.o
 .debug_ranges  0x0000000000000120       0xd8 ./Core/Src/OledGrph.o
 .debug_ranges  0x00000000000001f8       0x40 ./Core/Src/main.o
 .debug_ranges  0x0000000000000238       0x30 ./Core/Src/stm32f0xx_hal_msp.o
 .debug_ranges  0x0000000000000268       0x30 ./Core/Src/stm32f0xx_it.o
 .debug_ranges  0x0000000000000298       0x18 ./Core/Src/system_stm32f0xx.o
 .debug_ranges  0x00000000000002b0       0x20 ./Core/Startup/startup_stm32f070f6px.o
 .debug_ranges  0x00000000000002d0       0xc0 ./Drivers/STM32F0xx_HAL_Driver/Src/stm32f0xx_hal.o
 .debug_ranges  0x0000000000000390       0xb0 ./Drivers/STM32F0xx_HAL_Driver/Src/stm32f0xx_hal_cortex.o
 .debug_ranges  0x0000000000000440       0x48 ./Drivers/STM32F0xx_HAL_Driver/Src/stm32f0xx_hal_gpio.o
 .debug_ranges  0x0000000000000488       0x70 ./Drivers/STM32F0xx_HAL_Driver/Src/stm32f0xx_hal_rcc.o
 .debug_ranges  0x00000000000004f8      0x1c8 ./Drivers/STM32F0xx_HAL_Driver/Src/stm32f0xx_hal_spi.o
 .debug_ranges  0x00000000000006c0      0x238 ./Drivers/STM32F0xx_HAL_Driver/Src/stm32f0xx_hal_uart.o

.debug_frame    0x0000000000000000     0x2204
 .debug_frame   0x0000000000000000      0x11c ./Core/Src/DFPLAYER_MINI.o
 .debug_frame   0x000000000000011c      0x128 ./Core/Src/OledChar.o
 .debug_frame   0x0000000000000244      0x1cc ./Core/Src/OledDriver.o
 .debug_frame   0x0000000000000410      0x338 ./Core/Src/OledGrph.o
 .debug_frame   0x0000000000000748       0xdc ./Core/Src/main.o
 .debug_frame   0x0000000000000824       0xb0 ./Core/Src/stm32f0xx_hal_msp.o
 .debug_frame   0x00000000000008d4       0x9c ./Core/Src/stm32f0xx_it.o
 .debug_frame   0x0000000000000970       0x4c ./Core/Src/system_stm32f0xx.o
 .debug_frame   0x00000000000009bc      0x2a4 ./Drivers/STM32F0xx_HAL_Driver/Src/stm32f0xx_hal.o
 .debug_frame   0x0000000000000c60      0x2a0 ./Drivers/STM32F0xx_HAL_Driver/Src/stm32f0xx_hal_cortex.o
 .debug_frame   0x0000000000000f00      0x110 ./Drivers/STM32F0xx_HAL_Driver/Src/stm32f0xx_hal_gpio.o
 .debug_frame   0x0000000000001010      0x198 ./Drivers/STM32F0xx_HAL_Driver/Src/stm32f0xx_hal_rcc.o
 .debug_frame   0x00000000000011a8      0x710 ./Drivers/STM32F0xx_HAL_Driver/Src/stm32f0xx_hal_spi.o
 .debug_frame   0x00000000000018b8      0x810 ./Drivers/STM32F0xx_HAL_Driver/Src/stm32f0xx_hal_uart.o
 .debug_frame   0x00000000000020c8       0x2c e:/st/stm32cubeide_1.10.1/stm32cubeide/plugins/com.st.stm32cube.ide.mcu.externaltools.gnu-tools-for-stm32.10.3-2021.10.win32_1.0.0.202111181127/tools/bin/../lib/gcc/arm-none-eabi/10.3.1/../../../../arm-none-eabi/lib/thumb/v6-m/nofp\libc_nano.a(lib_a-init.o)
 .debug_frame   0x00000000000020f4       0x40 e:/st/stm32cubeide_1.10.1/stm32cubeide/plugins/com.st.stm32cube.ide.mcu.externaltools.gnu-tools-for-stm32.10.3-2021.10.win32_1.0.0.202111181127/tools/bin/../lib/gcc/arm-none-eabi/10.3.1/../../../../arm-none-eabi/lib/thumb/v6-m/nofp\libc_nano.a(lib_a-itoa.o)
 .debug_frame   0x0000000000002134       0x20 e:/st/stm32cubeide_1.10.1/stm32cubeide/plugins/com.st.stm32cube.ide.mcu.externaltools.gnu-tools-for-stm32.10.3-2021.10.win32_1.0.0.202111181127/tools/bin/../lib/gcc/arm-none-eabi/10.3.1/../../../../arm-none-eabi/lib/thumb/v6-m/nofp\libc_nano.a(lib_a-memset.o)
 .debug_frame   0x0000000000002154       0x48 e:/st/stm32cubeide_1.10.1/stm32cubeide/plugins/com.st.stm32cube.ide.mcu.externaltools.gnu-tools-for-stm32.10.3-2021.10.win32_1.0.0.202111181127/tools/bin/../lib/gcc/arm-none-eabi/10.3.1/../../../../arm-none-eabi/lib/thumb/v6-m/nofp\libc_nano.a(lib_a-utoa.o)
 .debug_frame   0x000000000000219c       0x28 e:/st/stm32cubeide_1.10.1/stm32cubeide/plugins/com.st.stm32cube.ide.mcu.externaltools.gnu-tools-for-stm32.10.3-2021.10.win32_1.0.0.202111181127/tools/bin/../lib/gcc/arm-none-eabi/10.3.1/../../../../arm-none-eabi/lib/thumb/v6-m/nofp\libc_nano.a(lib_a-memcpy-stub.o)
 .debug_frame   0x00000000000021c4       0x20 e:/st/stm32cubeide_1.10.1/stm32cubeide/plugins/com.st.stm32cube.ide.mcu.externaltools.gnu-tools-for-stm32.10.3-2021.10.win32_1.0.0.202111181127/tools/bin/../lib/gcc/arm-none-eabi/10.3.1/thumb/v6-m/nofp\libgcc.a(_udivsi3.o)
 .debug_frame   0x00000000000021e4       0x20 e:/st/stm32cubeide_1.10.1/stm32cubeide/plugins/com.st.stm32cube.ide.mcu.externaltools.gnu-tools-for-stm32.10.3-2021.10.win32_1.0.0.202111181127/tools/bin/../lib/gcc/arm-none-eabi/10.3.1/thumb/v6-m/nofp\libgcc.a(_divsi3.o)
